mode: atomic
eventexplorer/config/config.go:27.35,30.26 2 3
eventexplorer/config/config.go:30.26,32.3 1 1
eventexplorer/config/config.go:33.2,33.32 1 3
eventexplorer/config/config.go:33.32,35.3 1 2
eventexplorer/config/config.go:36.2,36.22 1 3
eventexplorer/config/config.go:36.22,38.3 1 2
eventexplorer/config/config.go:39.2,39.12 1 1
eventexplorer/config/config.go:42.26,56.2 1 3
eventexplorer/config/config.go:58.27,62.2 3 1
eventexplorer/config/config.go:64.26,65.20 1 2
eventexplorer/config/config.go:65.20,67.3 1 1
eventexplorer/config/config.go:68.2,68.16 1 1
eventexplorer/config/config.go:71.27,71.42 1 2
eventexplorer/config/config.go:73.42,74.53 1 40
eventexplorer/config/config.go:74.53,76.3 1 16
eventexplorer/config/config.go:77.2,77.17 1 24
eventexplorer/config/config.go:80.46,81.66 1 8
eventexplorer/config/config.go:81.66,83.3 1 2
eventexplorer/config/config.go:84.2,84.17 1 6
eventexplorer/config/config.go:87.71,88.72 1 11
eventexplorer/config/config.go:88.72,90.3 1 3
eventexplorer/config/config.go:91.2,91.17 1 8
eventexplorer/config/config.go:94.57,96.15 2 6
eventexplorer/config/config.go:96.15,98.3 1 4
eventexplorer/config/config.go:100.2,103.29 3 2
eventexplorer/config/config.go:103.29,105.20 2 6
eventexplorer/config/config.go:105.20,107.4 1 2
eventexplorer/config/config.go:110.2,110.19 1 2
eventexplorer/config/config.go:110.19,112.3 1 1
eventexplorer/config/config.go:113.2,113.12 1 1
eventexplorer/cache/cache.go:25.44,27.2 1 166
eventexplorer/cache/cache.go:44.36,45.14 1 15
eventexplorer/cache/cache.go:45.14,47.3 1 2
eventexplorer/cache/cache.go:48.2,52.3 1 15
eventexplorer/cache/cache.go:55.33,56.22 1 237
eventexplorer/cache/cache.go:56.22,58.3 1 0
eventexplorer/cache/cache.go:59.2,59.20 1 237
eventexplorer/cache/cache.go:62.46,66.2 3 7
eventexplorer/cache/cache.go:68.37,68.53 1 3
eventexplorer/cache/cache.go:70.59,75.2 1 59
eventexplorer/cache/cache.go:77.38,79.2 1 1
eventexplorer/cache/cache.go:81.44,89.2 4 65
eventexplorer/cache/cache.go:91.41,96.13 5 4
eventexplorer/cache/cache.go:96.13,98.3 1 3
eventexplorer/cache/cache.go:99.2,99.16 1 4
eventexplorer/cache/cache.go:102.29,109.2 6 1
eventexplorer/cache/cache.go:111.49,115.25 4 1
eventexplorer/cache/cache.go:115.25,116.35 1 3
eventexplorer/cache/cache.go:116.35,119.4 2 2
eventexplorer/cache/cache.go:121.2,121.11 1 1
eventexplorer/cache/cache.go:121.11,123.3 1 1
eventexplorer/cache/cache.go:124.2,124.10 1 1
eventexplorer/cache/cache.go:127.33,133.28 5 106
eventexplorer/cache/cache.go:133.28,134.22 1 104
eventexplorer/cache/cache.go:134.22,136.4 1 103
eventexplorer/cache/cache.go:138.2,139.13 2 106
eventexplorer/cache/cache.go:142.27,144.2 1 55
eventexplorer/cache/cache.go:146.31,151.2 4 53
eventexplorer/cache/cache.go:153.30,157.2 3 1
eventexplorer/cache/cache.go:159.28,163.2 3 60
eventexplorer/cache/cache.go:165.29,169.2 3 6
eventexplorer/cache/cache.go:171.45,177.9 5 66
eventexplorer/cache/cache.go:177.9,181.3 3 4
eventexplorer/cache/cache.go:183.2,183.24 1 62
eventexplorer/cache/cache.go:183.24,188.3 4 2
eventexplorer/cache/cache.go:190.2,192.26 3 60
eventexplorer/cache/cache.go:195.22,196.27 1 3
eventexplorer/cache/cache.go:196.27,198.3 1 1
eventexplorer/cache/cache.go:199.2,199.15 1 3
eventexplorer/cache/cache.go:202.43,204.27 2 1
eventexplorer/cache/cache.go:204.28,204.29 0 0
eventexplorer/cache/cache.go:205.2,205.15 1 1
eventexplorer/controllers/base.go:16.70,20.2 3 9
eventexplorer/controllers/base.go:22.48,25.2 2 8
eventexplorer/controllers/base.go:27.54,28.9 1 15
eventexplorer/controllers/base.go:29.46,30.88 1 2
eventexplorer/controllers/base.go:31.42,32.89 1 4
eventexplorer/controllers/base.go:33.49,34.106 1 2
eventexplorer/controllers/base.go:35.50,36.104 1 2
eventexplorer/controllers/base.go:37.10,38.122 1 5
eventexplorer/controllers/base.go:42.46,45.2 2 4
eventexplorer/controllers/base.go:47.33,48.16 1 10
eventexplorer/controllers/base.go:49.29,50.33 1 1
eventexplorer/controllers/base.go:51.27,52.21 1 3
eventexplorer/controllers/base.go:53.38,54.28 1 1
eventexplorer/controllers/base.go:55.10,56.31 1 5
eventexplorer/controllers/base.go:60.88,61.19 1 9
eventexplorer/controllers/base.go:61.19,63.3 1 0
eventexplorer/controllers/base.go:65.2,76.16 5 9
eventexplorer/controllers/base.go:76.16,81.3 4 0
eventexplorer/controllers/base.go:83.2,85.56 3 9
eventexplorer/controllers/base.go:85.56,87.3 1 0
eventexplorer/controllers/base.go:90.62,93.2 2 5
eventexplorer/controllers/cache.go:18.37,19.20 1 10
eventexplorer/controllers/cache.go:19.20,21.3 1 0
eventexplorer/controllers/cache.go:22.2,22.20 1 10
eventexplorer/controllers/cache.go:22.20,23.42 1 0
eventexplorer/controllers/cache.go:27.34,38.2 3 1
eventexplorer/controllers/cache.go:40.38,49.2 3 1
eventexplorer/controllers/cache.go:51.38,53.15 2 2
eventexplorer/controllers/cache.go:53.15,56.3 2 0
eventexplorer/controllers/cache.go:58.2,58.26 1 2
eventexplorer/controllers/cache.go:58.26,61.3 2 1
eventexplorer/controllers/cache.go:63.2,68.4 1 1
eventexplorer/controllers/cache.go:71.39,75.37 3 4
eventexplorer/controllers/cache.go:75.37,78.3 2 3
eventexplorer/controllers/cache.go:80.2,89.4 4 1
eventexplorer/controllers/cache.go:92.40,94.19 2 2
eventexplorer/controllers/cache.go:94.19,97.3 2 0
eventexplorer/controllers/cache.go:99.2,100.26 2 2
eventexplorer/controllers/cache.go:100.26,103.3 2 1
eventexplorer/controllers/cache.go:105.2,112.4 2 1
eventexplorer/controllers/location.go:13.40,14.24 1 7
eventexplorer/controllers/location.go:14.24,16.3 1 0
eventexplorer/controllers/location.go:17.2,17.24 1 7
eventexplorer/controllers/location.go:17.24,18.47 1 0
eventexplorer/controllers/location.go:22.45,27.16 4 4
eventexplorer/controllers/location.go:27.16,30.3 2 2
eventexplorer/controllers/location.go:31.2,31.24 1 2
eventexplorer/controllers/location.go:31.24,33.3 1 1
eventexplorer/controllers/location.go:35.2,38.4 1 2
eventexplorer/controllers/location.go:41.45,46.16 4 3
eventexplorer/controllers/location.go:46.16,49.3 2 2
eventexplorer/controllers/location.go:50.2,50.18 1 1
eventexplorer/controllers/page.go:15.36,16.21 1 17
eventexplorer/controllers/page.go:16.21,18.3 1 0
eventexplorer/controllers/page.go:19.2,19.21 1 17
eventexplorer/controllers/page.go:19.21,20.44 1 0
eventexplorer/controllers/page.go:24.49,26.15 2 8
eventexplorer/controllers/page.go:26.15,28.3 1 4
eventexplorer/controllers/page.go:30.2,31.39 2 4
eventexplorer/controllers/page.go:31.39,33.3 1 2
eventexplorer/controllers/page.go:35.2,37.33 3 2
eventexplorer/controllers/page.go:37.33,39.3 1 0
eventexplorer/controllers/page.go:40.2,43.41 4 2
eventexplorer/controllers/page.go:46.33,53.2 2 1
eventexplorer/controllers/page.go:55.36,59.37 3 8
eventexplorer/controllers/page.go:59.37,62.3 2 4
eventexplorer/controllers/page.go:64.2,72.27 3 4
eventexplorer/controllers/page.go:75.36,79.16 3 8
eventexplorer/controllers/page.go:79.16,82.3 2 2
eventexplorer/controllers/page.go:84.2,89.27 2 6
eventexplorer/controllers/redirect.go:17.40,18.21 1 5
eventexplorer/controllers/redirect.go:18.21,20.3 1 0
eventexplorer/controllers/redirect.go:21.2,21.20 1 5
eventexplorer/controllers/redirect.go:21.20,23.3 1 0
eventexplorer/controllers/redirect.go:24.2,24.39 1 5
eventexplorer/controllers/redirect.go:24.39,25.64 1 0
eventexplorer/controllers/redirect.go:29.39,33.16 3 5
eventexplorer/controllers/redirect.go:33.16,37.3 3 2
eventexplorer/controllers/redirect.go:39.2,40.16 2 3
eventexplorer/controllers/redirect.go:40.16,44.3 3 1
eventexplorer/controllers/redirect.go:46.2,47.29 2 2
eventexplorer/models/google.go:16.77,22.2 1 1
eventexplorer/models/google.go:47.74,49.34 2 3
eventexplorer/models/google.go:49.34,51.53 2 4
eventexplorer/models/google.go:51.53,52.12 1 2
eventexplorer/models/google.go:55.3,56.17 2 2
eventexplorer/models/google.go:56.17,58.4 1 1
eventexplorer/models/google.go:60.3,65.5 1 2
eventexplorer/models/google.go:67.2,67.12 1 3
eventexplorer/models/google.go:78.56,79.35 1 20
eventexplorer/models/google.go:79.35,80.20 1 21
eventexplorer/models/google.go:80.20,82.4 1 7
eventexplorer/models/google.go:84.2,84.14 1 13
eventexplorer/models/google.go:99.76,102.47 2 5
eventexplorer/models/google.go:102.47,103.44 1 14
eventexplorer/models/google.go:103.44,104.53 1 11
eventexplorer/models/google.go:104.53,106.10 2 3
eventexplorer/models/google.go:109.3,109.17 1 14
eventexplorer/models/google.go:109.17,110.9 1 3
eventexplorer/models/google.go:114.2,114.43 1 5
eventexplorer/models/google.go:114.43,115.54 1 7
eventexplorer/models/google.go:115.54,117.9 2 3
eventexplorer/models/google.go:121.2,121.37 1 5
eventexplorer/models/google.go:121.37,123.3 1 3
eventexplorer/models/google.go:124.2,124.64 1 2
eventexplorer/models/google.go:136.47,137.27 1 3
eventexplorer/models/google.go:137.27,139.3 1 1
eventexplorer/models/google.go:140.2,140.26 1 2
eventexplorer/models/google.go:140.26,142.3 1 1
eventexplorer/models/google.go:143.2,143.38 1 1
eventexplorer/models/ticketmaster.go:107.46,108.30 1 2
eventexplorer/models/ticketmaster.go:108.30,110.3 1 1
eventexplorer/models/ticketmaster.go:111.2,111.26 1 1
eventexplorer/models/ticketmaster.go:128.43,129.51 1 3
eventexplorer/models/ticketmaster.go:129.51,131.3 1 1
eventexplorer/models/ticketmaster.go:132.2,132.49 1 2
eventexplorer/models/ticketmaster.go:132.49,134.3 1 1
eventexplorer/models/ticketmaster.go:135.2,135.37 1 1
eventexplorer/models/ticketmaster.go:138.40,142.31 3 22
eventexplorer/models/ticketmaster.go:142.31,143.36 1 13
eventexplorer/models/ticketmaster.go:143.36,144.12 1 3
eventexplorer/models/ticketmaster.go:147.3,148.26 2 10
eventexplorer/models/ticketmaster.go:148.26,150.4 1 6
eventexplorer/models/ticketmaster.go:152.3,152.42 1 10
eventexplorer/models/ticketmaster.go:152.42,154.4 1 4
eventexplorer/models/ticketmaster.go:156.2,156.17 1 22
eventexplorer/models/ticketmaster.go:159.41,160.33 1 45
eventexplorer/models/ticketmaster.go:160.33,162.3 1 35
eventexplorer/models/ticketmaster.go:163.2,163.29 1 10
eventexplorer/models/ticketmaster.go:166.48,168.49 2 45
eventexplorer/models/ticketmaster.go:168.49,170.3 1 36
eventexplorer/models/ticketmaster.go:171.2,171.58 1 9
eventexplorer/models/ticketmaster.go:171.58,172.91 1 7
eventexplorer/models/ticketmaster.go:172.91,174.4 1 7
eventexplorer/models/ticketmaster.go:176.2,176.65 1 2
eventexplorer/models/ticketmaster.go:176.65,178.3 1 1
eventexplorer/models/ticketmaster.go:179.2,179.27 1 1
eventexplorer/models/ticketmaster.go:182.37,184.9 2 21
eventexplorer/models/ticketmaster.go:184.9,186.3 1 17
eventexplorer/models/ticketmaster.go:187.2,187.37 1 4
eventexplorer/models/ticketmaster.go:190.37,192.56 2 24
eventexplorer/models/ticketmaster.go:192.56,194.3 1 19
eventexplorer/models/ticketmaster.go:195.2,196.16 2 5
eventexplorer/models/ticketmaster.go:196.16,198.3 1 1
eventexplorer/models/ticketmaster.go:199.2,199.28 1 4
eventexplorer/models/ticketmaster.go:202.41,205.23 3 22
eventexplorer/models/ticketmaster.go:205.23,207.3 1 5
eventexplorer/models/ticketmaster.go:208.2,208.9 1 22
eventexplorer/models/ticketmaster.go:209.31,210.43 1 4
eventexplorer/models/ticketmaster.go:211.35,212.47 1 1
eventexplorer/models/ticketmaster.go:214.2,214.34 1 22
eventexplorer/models/ticketmaster.go:217.40,219.2 1 3
eventexplorer/models/ticketmaster.go:221.43,222.74 1 5
eventexplorer/models/ticketmaster.go:222.74,223.49 1 11
eventexplorer/models/ticketmaster.go:223.49,225.4 1 4
eventexplorer/models/ticketmaster.go:227.2,227.11 1 1
eventexplorer/models/ticketmaster.go:230.40,231.38 1 5
eventexplorer/models/ticketmaster.go:231.38,232.40 1 6
eventexplorer/models/ticketmaster.go:232.40,234.4 1 3
eventexplorer/models/ticketmaster.go:236.2,236.38 1 2
eventexplorer/models/ticketmaster.go:236.38,237.27 1 1
eventexplorer/models/ticketmaster.go:237.27,239.4 1 1
eventexplorer/models/ticketmaster.go:241.2,241.11 1 1
eventexplorer/models/ticketmaster.go:245.54,247.17 2 18
eventexplorer/models/ticketmaster.go:247.17,249.3 1 17
eventexplorer/models/ticketmaster.go:250.2,261.3 2 18
eventexplorer/models/ticketmaster.go:264.41,267.17 3 1
eventexplorer/models/ticketmaster.go:267.17,269.3 1 0
eventexplorer/models/ticketmaster.go:270.2,283.3 1 1
eventexplorer/models/ticketmaster.go:286.79,287.38 1 3
eventexplorer/models/ticketmaster.go:287.38,289.3 1 1
eventexplorer/models/ticketmaster.go:291.2,292.27 2 3
eventexplorer/models/ticketmaster.go:292.27,294.3 1 16
eventexplorer/models/ticketmaster.go:295.2,295.14 1 3
eventexplorer/models/view.go:19.35,19.55 1 8
eventexplorer/models/view.go:20.35,20.72 1 1
eventexplorer/models/view.go:21.32,23.2 1 3
eventexplorer/models/view.go:25.47,26.47 1 6
eventexplorer/models/view.go:27.15,28.29 1 3
eventexplorer/models/view.go:29.16,30.30 1 1
eventexplorer/models/view.go:31.10,32.19 1 2
eventexplorer/models/view.go:36.46,39.2 2 2
eventexplorer/models/view.go:41.42,42.11 1 21
eventexplorer/models/view.go:43.21,44.45 1 17
eventexplorer/models/view.go:45.22,46.46 1 3
eventexplorer/models/view.go:47.10,48.45 1 1
eventexplorer/models/view.go:88.44,90.2 1 2
eventexplorer/models/view.go:112.39,114.2 1 5
eventexplorer/models/view.go:115.38,117.2 1 2
eventexplorer/models/view.go:118.35,120.2 1 2
eventexplorer/models/view.go:122.80,123.19 1 3
eventexplorer/models/view.go:123.19,125.3 1 1
eventexplorer/models/view.go:126.2,131.3 1 3
eventexplorer/models/view.go:134.69,141.2 1 4
eventexplorer/models/view.go:151.34,153.2 1 9
eventexplorer/models/view.go:155.43,156.38 1 2
eventexplorer/models/view.go:156.38,158.3 1 1
eventexplorer/models/view.go:159.2,159.15 1 1
eventexplorer/models/view.go:162.41,167.2 4 1
eventexplorer/models/view.go:174.51,176.29 2 2
eventexplorer/models/view.go:176.29,177.17 1 3
eventexplorer/models/view.go:177.17,178.12 1 1
eventexplorer/models/view.go:180.3,182.23 3 2
eventexplorer/models/view.go:184.2,184.12 1 2
eventexplorer/models/view.go:194.46,196.2 1 2
eventexplorer/models/view.go:205.43,206.26 1 3
eventexplorer/models/view.go:206.26,208.3 1 1
eventexplorer/models/view.go:210.2,210.31 1 2
eventexplorer/models/view.go:210.31,211.20 1 3
eventexplorer/models/view.go:211.20,213.4 1 1
eventexplorer/models/view.go:215.2,215.13 1 1
eventexplorer/services/event.go:38.52,40.2 1 6
eventexplorer/services/event.go:42.88,43.18 1 19
eventexplorer/services/event.go:43.18,45.3 1 1
eventexplorer/services/event.go:46.2,46.14 1 19
eventexplorer/services/event.go:46.14,48.3 1 1
eventexplorer/services/event.go:49.2,53.3 1 19
eventexplorer/services/event.go:56.124,59.40 2 20
eventexplorer/services/event.go:59.40,60.56 1 3
eventexplorer/services/event.go:60.56,62.4 1 2
eventexplorer/services/event.go:64.3,65.22 2 1
eventexplorer/services/event.go:68.2,69.16 2 18
eventexplorer/services/event.go:69.16,72.3 2 4
eventexplorer/services/event.go:74.2,75.58 2 14
eventexplorer/services/event.go:78.104,84.38 4 10
eventexplorer/services/event.go:84.38,86.30 2 20
eventexplorer/services/event.go:86.30,89.4 2 20
eventexplorer/services/event.go:92.2,92.12 1 10
eventexplorer/services/event.go:92.12,95.3 2 10
eventexplorer/services/event.go:97.2,98.27 2 10
eventexplorer/services/event.go:98.27,100.3 1 20
eventexplorer/services/event.go:102.2,103.38 2 10
eventexplorer/services/event.go:103.38,105.28 2 20
eventexplorer/services/event.go:105.28,108.12 2 4
eventexplorer/services/event.go:110.3,111.83 2 16
eventexplorer/services/event.go:114.2,114.17 1 10
eventexplorer/services/event.go:117.98,121.40 3 7
eventexplorer/services/event.go:121.40,122.53 1 2
eventexplorer/services/event.go:122.53,124.4 1 1
eventexplorer/services/event.go:125.3,126.22 2 1
eventexplorer/services/event.go:129.2,130.16 2 6
eventexplorer/services/event.go:130.16,132.3 1 2
eventexplorer/services/event.go:134.2,135.30 2 4
eventexplorer/services/event.go:138.94,142.40 3 3
eventexplorer/services/event.go:142.40,143.53 1 2
eventexplorer/services/event.go:143.53,145.4 1 1
eventexplorer/services/event.go:146.3,146.22 1 1
eventexplorer/services/event.go:149.2,150.16 2 2
eventexplorer/services/event.go:150.16,152.3 1 1
eventexplorer/services/event.go:154.2,155.19 2 1
eventexplorer/services/event.go:160.41,161.34 1 0
eventexplorer/services/event.go:161.34,165.3 2 0
eventexplorer/services/event.go:166.2,166.28 1 0
eventexplorer/services/google.go:36.52,38.43 2 3
eventexplorer/services/google.go:38.43,40.3 1 1
eventexplorer/services/google.go:41.2,41.20 1 2
eventexplorer/services/google.go:44.76,46.26 2 11
eventexplorer/services/google.go:46.26,48.3 1 7
eventexplorer/services/google.go:49.2,49.10 1 11
eventexplorer/services/google.go:52.120,54.47 2 9
eventexplorer/services/google.go:54.47,57.3 1 4
eventexplorer/services/google.go:58.2,58.20 1 5
eventexplorer/services/google.go:58.20,61.3 2 1
eventexplorer/services/google.go:63.2,67.16 4 4
eventexplorer/services/google.go:67.16,70.3 2 0
eventexplorer/services/google.go:71.2,71.15 1 4
eventexplorer/services/google.go:71.15,74.3 2 1
eventexplorer/services/google.go:76.2,77.49 2 3
eventexplorer/services/google.go:77.49,80.3 2 1
eventexplorer/services/google.go:82.2,82.41 1 2
eventexplorer/services/google.go:85.118,87.19 2 8
eventexplorer/services/google.go:87.19,89.3 1 1
eventexplorer/services/google.go:90.2,90.20 1 7
eventexplorer/services/google.go:90.20,93.3 2 1
eventexplorer/services/google.go:95.2,96.24 2 6
eventexplorer/services/google.go:96.24,98.3 1 5
eventexplorer/services/google.go:100.2,105.16 3 6
eventexplorer/services/google.go:105.16,108.3 2 0
eventexplorer/services/google.go:109.2,109.27 1 6
eventexplorer/services/google.go:109.27,112.3 2 1
eventexplorer/services/google.go:113.2,113.15 1 5
eventexplorer/services/google.go:113.15,116.3 2 1
eventexplorer/services/google.go:118.2,119.49 2 4
eventexplorer/services/google.go:119.49,122.3 2 1
eventexplorer/services/google.go:124.2,125.16 2 3
eventexplorer/services/google.go:125.16,128.3 2 1
eventexplorer/services/google.go:129.2,129.18 1 2
eventexplorer/services/google.go:134.58,140.2 1 0
eventexplorer/services/google.go:142.88,148.2 1 15
eventexplorer/services/google.go:150.31,152.40 2 2
eventexplorer/services/google.go:152.40,155.3 2 0
eventexplorer/services/google.go:156.2,156.30 1 2
eventexplorer/services/google.go:159.47,160.36 1 0
eventexplorer/services/google.go:160.36,162.3 1 0
eventexplorer/services/google.go:163.2,163.31 1 0
eventexplorer/services/samplecity.go:19.56,21.16 2 5
eventexplorer/services/samplecity.go:21.16,24.3 2 2
eventexplorer/services/samplecity.go:26.2,27.50 2 3
eventexplorer/services/samplecity.go:27.50,30.3 2 1
eventexplorer/services/samplecity.go:32.2,34.15 3 2
eventexplorer/services/samplecity.go:37.41,38.27 1 1
eventexplorer/services/samplecity.go:38.27,40.3 1 1
eventexplorer/services/samplecity.go:41.2,41.21 1 1
eventexplorer/services/ticketlink.go:28.65,30.26 2 8
eventexplorer/services/ticketlink.go:30.26,31.57 1 21
eventexplorer/services/ticketlink.go:31.57,33.4 1 19
eventexplorer/services/ticketlink.go:35.2,35.55 1 8
eventexplorer/services/ticketlink.go:38.71,40.18 2 21
eventexplorer/services/ticketlink.go:40.18,42.3 1 2
eventexplorer/services/ticketlink.go:44.2,45.16 2 19
eventexplorer/services/ticketlink.go:45.16,47.3 1 1
eventexplorer/services/ticketlink.go:49.2,49.48 1 18
eventexplorer/services/ticketlink.go:49.48,51.3 1 5
eventexplorer/services/ticketlink.go:53.2,53.24 1 13
eventexplorer/services/ticketlink.go:53.24,55.3 1 1
eventexplorer/services/ticketlink.go:57.2,58.16 2 12
eventexplorer/services/ticketlink.go:58.16,60.3 1 1
eventexplorer/services/ticketlink.go:62.2,62.26 1 11
eventexplorer/services/ticketlink.go:62.26,64.3 1 5
eventexplorer/services/ticketlink.go:66.2,66.29 1 6
eventexplorer/services/ticketlink.go:69.61,70.41 1 11
eventexplorer/services/ticketlink.go:70.41,71.62 1 21
eventexplorer/services/ticketlink.go:71.62,73.4 1 6
eventexplorer/services/ticketlink.go:75.2,75.14 1 5
eventexplorer/services/ticketlink.go:80.55,81.37 1 0
eventexplorer/services/ticketlink.go:81.37,85.3 3 0
eventexplorer/services/ticketlink.go:86.2,86.31 1 0
eventexplorer/services/ticketmaster.go:33.58,35.43 2 5
eventexplorer/services/ticketmaster.go:35.43,37.3 1 1
eventexplorer/services/ticketmaster.go:38.2,38.20 1 4
eventexplorer/services/ticketmaster.go:41.70,47.2 1 0
eventexplorer/services/ticketmaster.go:49.100,55.2 1 19
eventexplorer/services/ticketmaster.go:57.152,61.37 3 11
eventexplorer/services/ticketmaster.go:61.37,63.3 1 2
eventexplorer/services/ticketmaster.go:64.2,64.23 1 9
eventexplorer/services/ticketmaster.go:64.23,66.3 1 1
eventexplorer/services/ticketmaster.go:67.2,67.20 1 8
eventexplorer/services/ticketmaster.go:67.20,70.3 2 1
eventexplorer/services/ticketmaster.go:72.2,82.16 9 7
eventexplorer/services/ticketmaster.go:82.16,85.3 2 0
eventexplorer/services/ticketmaster.go:87.2,87.15 1 7
eventexplorer/services/ticketmaster.go:87.15,90.3 2 3
eventexplorer/services/ticketmaster.go:92.2,93.49 2 4
eventexplorer/services/ticketmaster.go:93.49,96.3 2 1
eventexplorer/services/ticketmaster.go:98.2,98.30 1 3
eventexplorer/services/ticketmaster.go:101.103,103.19 2 9
eventexplorer/services/ticketmaster.go:103.19,105.3 1 1
eventexplorer/services/ticketmaster.go:106.2,106.20 1 8
eventexplorer/services/ticketmaster.go:106.20,109.3 2 1
eventexplorer/services/ticketmaster.go:111.2,114.16 3 7
eventexplorer/services/ticketmaster.go:114.16,117.3 2 0
eventexplorer/services/ticketmaster.go:119.2,119.52 1 7
eventexplorer/services/ticketmaster.go:119.52,122.3 2 2
eventexplorer/services/ticketmaster.go:123.2,123.15 1 5
eventexplorer/services/ticketmaster.go:123.15,126.3 2 1
eventexplorer/services/ticketmaster.go:128.2,129.47 2 4
eventexplorer/services/ticketmaster.go:129.47,132.3 2 1
eventexplorer/services/ticketmaster.go:133.2,133.20 1 3
eventexplorer/services/ticketmaster.go:133.20,136.3 2 1
eventexplorer/services/ticketmaster.go:138.2,138.19 1 2
eventexplorer/services/ticketmaster.go:141.43,142.36 1 0
eventexplorer/services/ticketmaster.go:142.36,144.3 1 0
eventexplorer/services/ticketmaster.go:145.2,145.29 1 0
eventexplorer/utils/httpclient.go:25.47,26.18 1 2
eventexplorer/utils/httpclient.go:26.18,28.3 1 1
eventexplorer/utils/httpclient.go:29.2,32.3 1 2
eventexplorer/utils/httpclient.go:35.70,36.18 1 8
eventexplorer/utils/httpclient.go:36.18,38.3 1 1
eventexplorer/utils/httpclient.go:39.2,39.46 1 8
eventexplorer/utils/httpclient.go:47.29,49.2 1 8
eventexplorer/utils/httpclient.go:51.45,52.22 1 3
eventexplorer/utils/httpclient.go:52.22,54.3 1 1
eventexplorer/utils/httpclient.go:55.2,55.52 1 2
eventexplorer/utils/httpclient.go:55.52,57.3 1 1
eventexplorer/utils/httpclient.go:58.2,58.12 1 1
eventexplorer/utils/httpclient.go:61.120,66.17 4 7
eventexplorer/utils/httpclient.go:66.17,68.3 1 1
eventexplorer/utils/httpclient.go:70.2,71.16 2 7
eventexplorer/utils/httpclient.go:71.16,73.3 1 1
eventexplorer/utils/httpclient.go:74.2,75.28 2 6
eventexplorer/utils/httpclient.go:75.28,77.3 1 2
eventexplorer/utils/httpclient.go:79.2,80.16 2 6
eventexplorer/utils/httpclient.go:80.16,82.3 1 2
eventexplorer/utils/httpclient.go:83.2,86.16 3 4
eventexplorer/utils/httpclient.go:86.16,88.3 1 0
eventexplorer/utils/httpclient.go:89.2,89.34 1 4
eventexplorer/utils/httpclient.go:89.34,91.3 1 1
eventexplorer/utils/httpclient.go:93.2,96.8 1 3
eventexplorer/utils/httpclient.go:99.100,101.2 1 6
eventexplorer/utils/httpclient.go:103.118,105.16 2 2
eventexplorer/utils/httpclient.go:105.16,107.3 1 1
eventexplorer/utils/httpclient.go:108.2,108.20 1 1
eventexplorer/utils/httpclient.go:108.20,110.3 1 1
eventexplorer/utils/httpclient.go:111.2,112.55 2 1
eventexplorer/utils/redact.go:10.35,12.16 2 7
eventexplorer/utils/redact.go:12.16,14.3 1 1
eventexplorer/utils/redact.go:16.2,17.40 2 6
eventexplorer/utils/redact.go:17.40,18.29 1 24
eventexplorer/utils/redact.go:18.29,20.4 1 7
eventexplorer/utils/redact.go:23.2,24.27 2 6
eventexplorer/utils/redact.go:27.37,28.16 1 5
eventexplorer/utils/redact.go:28.16,30.3 1 1
eventexplorer/utils/redact.go:31.2,32.29 2 4
eventexplorer/utils/redact.go:32.29,38.3 1 3
eventexplorer/utils/redact.go:39.2,39.12 1 1
eventexplorer/utils/redact.go:42.37,42.62 1 4
eventexplorer/utils/redact.go:43.37,43.66 1 3
eventexplorer/main.go:12.13,14.39 2 0
eventexplorer/main.go:14.39,16.3 1 0
eventexplorer/main.go:17.2,22.13 3 0
eventexplorer/routers/router.go:9.13,28.2 11 0
